int main(){
____int a;
____a = 2 + (5 * 4) ^ 3;
____printf(a);
}
