Fun(Type_Int,"main",List[],List[Define(Type_Int,Id "a");Assign(Id "a",Sum(Num 2,Pow(Paren(Mult(Num 5,Num 4)),Num 3)));Print(Id "a")])
