int main(){
____int x;
____int y;
____int a;
____while(x == y){
________a = 100;
____}
____if(a == b){
________printf(20);
____}else{
________printf(10);
____}
}
