int main(){
____int i;
____int j;
____i = 1;
____int sum;
____sum = 0;
____while(i < 10){
________j = 1;
________while(j < 10){
____________sum = sum + j;
____________j = j + 1;
________}
________i = i + 1;
____}
}
