int main(){
____int a;
____a = 100;
____if(a > 10){
________a = 200;
________printf(a);
____}
}
