int main(){
____int a;
____a = 100;
____if(a > 10){
________a = 200;
________if(a < 20){
____________a = 300;
________}else{
____________a = 400;
________}
____}
}
