Fun(Type_Int,"main",List[],List[Define(Type_Int,Id "a");Assign(Id "a",Sum(Num 2,Mult(Num 5,Pow(Num 4,Num 3))));Print(Id "a")])
