int main(){
____int a;
____a = 100;
____if(a < 200){
________a = 200;
________printf(a);
____}
}
