Fun(Type_Int,"main",List[],List[Define(Type_Int,Id "a");Assign(Id "a",Mult(Num 100,Id "a"));Print(Id "a")])
