Fun(Type_Int,"main",List[],List[Define(Type_Int,Id "a");Assign(Id "a",Num 100)])
