int main(){
____int a;
____a = 10;
____int b;
____b = 20;
____int c;
____if(a < b){
________if(a ^ 2 < b ^ 3){
____________printf(a);
________}else{
____________printf(b);
________}
____}else{
________c = 1;
________while(c < a){
____________printf(c);
____________c = c + 1;
________}
____}
}
