int main(){
____int a;
____a = 100;
____int b;
____if(a > 10){
________a = 200;
____}else{
________b = 10;
________while(b * 2 < a){
____________b = b + 2;
____________printf(b);
________}
________a = 300;
____}
}
