int main(){
____int a;
____a = 100 * a;
____printf(a);
}
