int main(){
____int a;
____a = 10;
____int b;
____b = 2;
____int c;
____c = a + b * 3 ^ 3;
____printf(c == 1);
}
