1
10
3
10
6
10
10
20
15
20
21
20
28
20
36
20
45
20

