int main(){
____int a;
____a = 10;
____int b;
____b = 1;
____int sum;
____sum = 0;
____while(b < a){
________sum = sum + b;
________b = b + 1;
________printf(sum);
________if(a > b){
____________printf(10);
________}else{
____________printf(20);
________}
________printf(sum);
____}
}
