Fun(Type_Int,"main",List[],List[Define(Type_Int,Id "x");Define(Type_Int,Id "y");Define(Type_Int,Id "a");While(Equal(Id "x",Id "y"),List[Assign(Id "a",Num 100)]);If(Equal(Id "a",Id "b"),List[Print(Num 20)],List[Print(Num 10)])])
