Fun(Type_Int,"main",List[],List[Define(Type_Int,Id "a");Assign(Id "a",Num 100);If(Equal(Id "a",Num 100),List[Assign(Id "a",Num 200);Print(Id "a")],List[])])
