Fun(Type_Int,"main",List[],List[Define(Type_Int,Id "a");Assign(Id "a",Num 10);Define(Type_Int,Id "b");Assign(Id "b",Num 1);While(Less(Id "b",Id "a"),List[Print(Id "b");Assign(Id "b",Sum(Id "b",Num 2))])])
