int main(){
____int a;
____a = 10;
____int b;
____b = 1;
____while(b < a){
________printf(b);
________b = b + 2;
____}
}
