int main(){
____int a;
____a = 100;
____printf(a);
}
