int main(){
____int a;
____a = 2 + 3 + 4;
____int b;
____b = 2 * 3 * 4;
____int c;
____c = 2 ^ 3 ^ 4;
____int d;
____if(5 > 6 > 1){
________printf(10);
____}
____printf(a);
____printf(b);
____printf(c);
}
